[neovim.io/doc/user/index.html]
[cdn.jsdelivr.net/npm/@docsearch/css@3.css]
[neovim.io/css/bootstrap.min.css]
[neovim.io/css/main.css]
[neovim.io/doc/user/help.css]
[neovim.io/highlight/styles/neovim.min.css]
[backblue.gif]
[fade.gif]
[index.html]
[neovim.io/highlight/highlight.min.js]
[neovim.io/index.html]
[github.com/neovim/neovim/blob/master/scripts/gen_help_html.html]
[github.com/neovim/neovim/blob/master/runtime/doc/help.html]
[github.com/neovim/tree-sitter-vimdoc.html]
[neovim.io/doc/user/helphelp.html]
[neovim.io/doc/user/options.html]
[neovim.io/doc/user/usr_02.html]
[neovim.io/doc/user/intro.html]
[neovim.io/doc/user/usr_01.html]
[neovim.io/doc/user/credits.html]
[neovim.io/doc/user/news.html]
[neovim.io/doc/user/nvim.html]
[neovim.io/doc/user/vim_diff.html]
[neovim.io/doc/user/faq.html]
[neovim.io/doc/user/usr_toc.html]
[neovim.io/doc/user/quickref.html]
[neovim.io/doc/user/uganda.html]
[neovim.io/doc/user/support.html]
[neovim.io/doc/user/vimindex.html]
[neovim.io/doc/user/tips.html]
[neovim.io/doc/user/message.html]
[neovim.io/doc/user/starting.html]
[neovim.io/doc/user/editing.html]
[neovim.io/doc/user/motion.html]
[neovim.io/doc/user/scroll.html]
[neovim.io/doc/user/insert.html]
[neovim.io/doc/user/change.html]
[neovim.io/doc/user/undo.html]
[neovim.io/doc/user/repeat.html]
[neovim.io/doc/user/visual.html]
[neovim.io/doc/user/various.html]
[neovim.io/doc/user/recover.html]
[neovim.io/doc/user/cmdline.html]
[neovim.io/doc/user/pattern.html]
[neovim.io/doc/user/map.html]
[neovim.io/doc/user/tagsrch.html]
[neovim.io/doc/user/windows.html]
[neovim.io/doc/user/tabpage.html]
[neovim.io/doc/user/spell.html]
[neovim.io/doc/user/diff.html]
[neovim.io/doc/user/fold.html]
[neovim.io/doc/user/terminal.html]
[neovim.io/doc/user/api.html]
[neovim.io/doc/user/ui.html]
[neovim.io/doc/user/lua-guide.html]
[neovim.io/doc/user/lua.html]
[neovim.io/doc/user/luaref.html]
[neovim.io/doc/user/luvref.html]
[neovim.io/doc/user/autocmd.html]
[neovim.io/doc/user/job_control.html]
[neovim.io/doc/user/channel.html]
[neovim.io/doc/user/eval.html]
[neovim.io/doc/user/builtin.html]
[neovim.io/doc/user/testing.html]
[neovim.io/doc/user/remote_plugin.html]
[neovim.io/doc/user/health.html]
[neovim.io/doc/user/lsp.html]
[neovim.io/doc/user/diagnostic.html]
[neovim.io/doc/user/treesitter.html]
[neovim.io/doc/user/indent.html]
[neovim.io/doc/user/syntax.html]
[neovim.io/doc/user/filetype.html]
[neovim.io/doc/user/quickfix.html]
[neovim.io/doc/user/ft_ada.html]
[neovim.io/doc/user/ft_hare.html]
[neovim.io/doc/user/ft_ps1.html]
[neovim.io/doc/user/ft_raku.html]
[neovim.io/doc/user/ft_rust.html]
[neovim.io/doc/user/ft_sql.html]
[neovim.io/doc/user/tui.html]
[neovim.io/doc/user/gui.html]
[neovim.io/doc/user/sign.html]
[neovim.io/doc/user/digraph.html]
[neovim.io/doc/user/mbyte.html]
[neovim.io/doc/user/mlang.html]
[neovim.io/doc/user/rileft.html]
[neovim.io/doc/user/arabic.html]
[neovim.io/doc/user/hebrew.html]
[neovim.io/doc/user/russian.html]
[neovim.io/doc/user/vietnamese.html]
[neovim.io/doc/user/provider.html]
[neovim.io/doc/user/if_perl.html]
[neovim.io/doc/user/if_pyth.html]
[neovim.io/doc/user/if_ruby.html]
[neovim.io/doc/user/deprecated.html]
[neovim.io/doc/user/vi_diff.html]
[neovim.io/doc/user/develop.html]
[neovim.io/doc/user/dev_arch.html]
[neovim.io/doc/user/dev_style.html]
[neovim.io/doc/user/dev_theme.html]
[neovim.io/doc/user/dev_tools.html]
[neovim.io/doc/user/dev_vimpatch.html]
[neovim.io/doc/user/pi_gzip.html]
[neovim.io/doc/user/pi_msgpack.html]
[neovim.io/doc/user/nil]
[neovim.io/doc/user/pi_paren.html]
[neovim.io/doc/user/pi_spec.html]
[neovim.io/doc/user/pi_tar.html]
[neovim.io/doc/user/pi_zip.html]
[github.com/neovim/neovim/commit/a49f95d887a2425f11cb4a9b38f7b0039e4d837f.html]
[github.com/login74a2.html]
[neovim.io/doc/user/index.html]
[cdn.jsdelivr.net/npm/@docsearch/css@3.css]
[x185e15fpg-dsn.algolia.net/index.html]
[neovim.io/css/bootstrap.min.css]
[neovim.io/css/main.css]
[neovim.io/doc/user/help.css]
[neovim.io/highlight/styles/neovim.min.css]
[neovim.io/index.html]
[github.com/neovim/neovim/blob/master/scripts/gen_help_html.html]
[github.com/neovim/neovim/blob/master/runtime/doc/help.html]
[github.com/neovim/tree-sitter-vimdoc.html]
[neovim.io/doc/user/helphelp.html]
[neovim.io/doc/user/options.html]
[neovim.io/doc/user/usr_02.html]
[neovim.io/doc/user/intro.html]
[neovim.io/doc/user/usr_01.html]
[neovim.io/doc/user/credits.html]
[neovim.io/doc/user/news.html]
[neovim.io/doc/user/nvim.html]
[neovim.io/doc/user/vim_diff.html]
[neovim.io/doc/user/faq.html]
[neovim.io/doc/user/usr_toc.html]
[neovim.io/doc/user/quickref.html]
[neovim.io/doc/user/uganda.html]
[neovim.io/doc/user/support.html]
[neovim.io/doc/user/vimindex.html]
[neovim.io/doc/user/tips.html]
[neovim.io/doc/user/message.html]
[neovim.io/doc/user/starting.html]
[neovim.io/doc/user/editing.html]
[neovim.io/doc/user/motion.html]
[neovim.io/doc/user/scroll.html]
[neovim.io/doc/user/insert.html]
[neovim.io/doc/user/change.html]
[neovim.io/doc/user/undo.html]
[neovim.io/doc/user/repeat.html]
[neovim.io/doc/user/visual.html]
[neovim.io/doc/user/various.html]
[neovim.io/doc/user/recover.html]
[neovim.io/doc/user/cmdline.html]
[neovim.io/doc/user/pattern.html]
[neovim.io/doc/user/map.html]
[neovim.io/doc/user/tagsrch.html]
[neovim.io/doc/user/windows.html]
[neovim.io/doc/user/tabpage.html]
[neovim.io/doc/user/spell.html]
[neovim.io/doc/user/diff.html]
[neovim.io/doc/user/fold.html]
[neovim.io/doc/user/terminal.html]
[neovim.io/doc/user/api.html]
[neovim.io/doc/user/ui.html]
[neovim.io/doc/user/lua-guide.html]
[neovim.io/doc/user/lua.html]
[neovim.io/doc/user/luaref.html]
[neovim.io/doc/user/luvref.html]
[neovim.io/doc/user/autocmd.html]
[neovim.io/doc/user/job_control.html]
[neovim.io/doc/user/channel.html]
[neovim.io/doc/user/eval.html]
[cdn.jsdelivr.net/npm/@docsearch/js@3]
[neovim.io/doc/user/builtin.html]
[neovim.io/doc/user/testing.html]
[neovim.io/doc/user/remote_plugin.html]
[neovim.io/doc/user/health.html]
[neovim.io/doc/user/lsp.html]
[neovim.io/doc/user/diagnostic.html]
[neovim.io/doc/user/treesitter.html]
[neovim.io/doc/user/indent.html]
[neovim.io/doc/user/syntax.html]
[neovim.io/doc/user/filetype.html]
[neovim.io/doc/user/quickfix.html]
[neovim.io/doc/user/ft_ada.html]
[neovim.io/doc/user/ft_hare.html]
[neovim.io/doc/user/ft_ps1.html]
[neovim.io/doc/user/ft_raku.html]
[neovim.io/doc/user/ft_rust.html]
[neovim.io/doc/user/ft_sql.html]
[neovim.io/doc/user/tui.html]
[neovim.io/doc/user/gui.html]
[neovim.io/doc/user/sign.html]
[neovim.io/doc/user/digraph.html]
[neovim.io/doc/user/mbyte.html]
[neovim.io/doc/user/mlang.html]
[neovim.io/doc/user/rileft.html]
[neovim.io/doc/user/arabic.html]
[neovim.io/doc/user/hebrew.html]
[neovim.io/doc/user/russian.html]
[neovim.io/doc/user/vietnamese.html]
[neovim.io/doc/user/provider.html]
[neovim.io/doc/user/if_perl.html]
[neovim.io/doc/user/if_pyth.html]
[neovim.io/doc/user/if_ruby.html]
[neovim.io/doc/user/deprecated.html]
[neovim.io/doc/user/vi_diff.html]
[neovim.io/doc/user/develop.html]
[neovim.io/doc/user/dev_arch.html]
[neovim.io/doc/user/dev_style.html]
[neovim.io/doc/user/dev_theme.html]
[neovim.io/doc/user/dev_tools.html]
[neovim.io/doc/user/dev_vimpatch.html]
[neovim.io/doc/user/pi_gzip.html]
[neovim.io/doc/user/pi_msgpack.html]
[neovim.io/doc/user/nil.html]
[neovim.io/doc/user/pi_paren.html]
[neovim.io/doc/user/pi_spec.html]
[neovim.io/doc/user/pi_tar.html]
[neovim.io/doc/user/pi_zip.html]
[github.com/neovim/neovim/commit/a49f95d887a2425f11cb4a9b38f7b0039e4d837f.html]
[github.com/login74a2.html]
